
> proposar@0.1.0 build
> next build

  Γû▓ Next.js 14.2.18
  - Environments: .env.local

   Creating an optimized production build ...
 Γ£ô Compiled successfully
   Linting and checking validity of types ...
node.exe : 
At C:\Program Files\nodejs\npm.ps1:29 char:3
+   & $NODE_EXE $NPM_CLI_JS $args
+   ~~~~~~~~~~~~~~~~~~~~~~~~~~~~~
    + CategoryInfo          : NotSpecified: (:String) [], RemoteException
    + FullyQualifiedErrorId : NativeCommandError
 
Failed to compile.

./app/(dashboard)/clients/page.tsx
41:6  Warning: React Hook useEffect has a missing dependency: 'load'. Either 
include it or remove the dependency array.  react-hooks/exhaustive-deps

./app/(dashboard)/settings/page.tsx
192:15  Warning: Using `<img>` could result in slower LCP and higher 
bandwidth. Consider using `<Image />` from `next/image` to automatically 
optimize images. This may incur additional usage or cost from your provider. 
See: https://nextjs.org/docs/messages/no-img-element  @next/next/no-img-element
263:17  Warning: Using `<img>` could result in slower LCP and higher 
bandwidth. Consider using `<Image />` from `next/image` to automatically 
optimize images. This may incur additional usage or cost from your provider. 
See: https://nextjs.org/docs/messages/no-img-element  @next/next/no-img-element

./app/(dashboard)/templates/page.tsx
63:6  Warning: React Hook useEffect has a missing dependency: 'loadPlan'. 
Either include it or remove the dependency array.  react-hooks/exhaustive-deps

./app/onboarding/page.tsx
296:23  Warning: Using `<img>` could result in slower LCP and higher 
bandwidth. Consider using `<Image />` from `next/image` to automatically 
optimize images. This may incur additional usage or cost from your provider. 
See: https://nextjs.org/docs/messages/no-img-element  @next/next/no-img-element

./components/dashboard/Sidebar.tsx
79:13  Warning: Using `<img>` could result in slower LCP and higher bandwidth. 
Consider using `<Image />` from `next/image` to automatically optimize images. 
This may incur additional usage or cost from your provider. See: 
https://nextjs.org/docs/messages/no-img-element  @next/next/no-img-element
90:15  Warning: Using `<img>` could result in slower LCP and higher bandwidth. 
Consider using `<Image />` from `next/image` to automatically optimize images. 
This may incur additional usage or cost from your provider. See: 
https://nextjs.org/docs/messages/no-img-element  @next/next/no-img-element

./components/dashboard/TopBar.tsx
142:15  Warning: Using `<img>` could result in slower LCP and higher 
bandwidth. Consider using `<Image />` from `next/image` to automatically 
optimize images. This may incur additional usage or cost from your provider. 
See: https://nextjs.org/docs/messages/no-img-element  @next/next/no-img-element

./components/pdf/ProposalPDFDocument.tsx
601:39  Error: `'` can be escaped with `&apos;`, `&lsquo;`, `&#39;`, 
`&rsquo;`.  react/no-unescaped-entities
601:60  Error: `'` can be escaped with `&apos;`, `&lsquo;`, `&#39;`, 
`&rsquo;`.  react/no-unescaped-entities
622:174  Error: `'` can be escaped with `&apos;`, `&lsquo;`, `&#39;`, 
`&rsquo;`.  react/no-unescaped-entities
625:78  Error: `'` can be escaped with `&apos;`, `&lsquo;`, `&#39;`, 
`&rsquo;`.  react/no-unescaped-entities
628:109  Error: `'` can be escaped with `&apos;`, `&lsquo;`, `&#39;`, 
`&rsquo;`.  react/no-unescaped-entities
639:48  Error: `'` can be escaped with `&apos;`, `&lsquo;`, `&#39;`, 
`&rsquo;`.  react/no-unescaped-entities
642:38  Error: `'` can be escaped with `&apos;`, `&lsquo;`, `&#39;`, 
`&rsquo;`.  react/no-unescaped-entities
645:111  Error: `'` can be escaped with `&apos;`, `&lsquo;`, `&#39;`, 
`&rsquo;`.  react/no-unescaped-entities
648:70  Error: `'` can be escaped with `&apos;`, `&lsquo;`, `&#39;`, 
`&rsquo;`.  react/no-unescaped-entities
661:129  Error: `'` can be escaped with `&apos;`, `&lsquo;`, `&#39;`, 
`&rsquo;`.  react/no-unescaped-entities

./components/proposal/ProposalPreview.tsx
247:6  Warning: React Hook useEffect has a missing dependency: 'proposal'. 
Either include it or remove the dependency array.  react-hooks/exhaustive-deps

info  - Need to disable some ESLint rules? Learn more here: 
https://nextjs.org/docs/basic-features/eslint#disabling-rules
